<?xml version="1.0" encoding="UTF-8"?>
<TestRun id="a8c9fd3e-7f84-4f35-bfd5-2ccc9bd7adba" name="Wesley@WESLEY-PC 2012-02-03 12:32:36" runUser="Wesley-PC\Wesley" xmlns="http://microsoft.com/schemas/VisualStudio/TeamTest/2010">
  <TestSettings name="Local" id="1c7457da-c364-4c0b-a173-21f3fede2f04">
    <Description>These are default test settings for a local test run.</Description>
    <Deployment enabled="false" runDeploymentRoot="Wesley_WESLEY-PC 2012-02-03 12_32_36">
      <DeploymentItem filename="C:\Users\Wesley\Documents\classes\cs480\Compiler\bin\Debug\Compiler.exe" />
    </Deployment>
    <Execution>
      <TestTypeSpecific />
      <AgentRule name="Execution Agents">
      </AgentRule>
    </Execution>
  </TestSettings>
  <Times creation="2012-02-03T12:32:36.5586244-08:00" queuing="2012-02-03T12:32:36.7046327-08:00" start="2012-02-03T12:32:36.7686364-08:00" finish="2012-02-03T12:32:37.2756654-08:00" />
  <ResultSummary outcome="Completed">
    <Counters total="16" executed="16" passed="16" error="0" failed="0" timeout="0" aborted="0" inconclusive="0" passedButRunAborted="0" notRunnable="0" notExecuted="0" disconnected="0" warning="0" completed="0" inProgress="0" pending="0" />
  </ResultSummary>
  <TestDefinitions>
    <UnitTest name="ParseInvalid_IdentifierToken" storage="c:\users\wesley\documents\classes\cs480\compilertester\bin\debug\compilertester.dll" id="505ef0d5-4a90-262f-583a-2231ebffde1a">
      <Execution id="47569416-627d-4a27-a06e-a46d60910053" />
      <TestMethod codeBase="C:/Users/Wesley/Documents/classes/cs480/CompilerTester/bin/Debug/CompilerTester.DLL" adapterTypeName="Microsoft.VisualStudio.TestTools.TestTypes.Unit.UnitTestAdapter, Microsoft.VisualStudio.QualityTools.Tips.UnitTest.Adapter, Version=10.0.0.0, Culture=neutral, PublicKeyToken=b03f5f7f11d50a3a" className="CompilerTester.AutomatonTests.AutomatonTester, CompilerTester, Version=1.0.0.0, Culture=neutral, PublicKeyToken=null" name="ParseInvalid_IdentifierToken" />
    </UnitTest>
    <UnitTest name="ParseValid_StringAutomaton" storage="c:\users\wesley\documents\classes\cs480\compilertester\bin\debug\compilertester.dll" id="ccb8a1cd-fae0-3d3e-35c4-f02eb4adc8df">
      <Execution id="f381d2cf-bcd8-48f6-9eb2-a31354f1277e" />
      <TestMethod codeBase="C:/Users/Wesley/Documents/classes/cs480/CompilerTester/bin/Debug/CompilerTester.DLL" adapterTypeName="Microsoft.VisualStudio.TestTools.TestTypes.Unit.UnitTestAdapter, Microsoft.VisualStudio.QualityTools.Tips.UnitTest.Adapter, Version=10.0.0.0, Culture=neutral, PublicKeyToken=b03f5f7f11d50a3a" className="CompilerTester.AutomatonTests.AutomatonTester, CompilerTester, Version=1.0.0.0, Culture=neutral, PublicKeyToken=null" name="ParseValid_StringAutomaton" />
    </UnitTest>
    <UnitTest name="ParseValid_RealAutomaton" storage="c:\users\wesley\documents\classes\cs480\compilertester\bin\debug\compilertester.dll" id="4f8f5349-2ef8-2d80-69e7-52426e9dabb2">
      <Execution id="f28d1565-69bc-4897-b6c3-0170148889d4" />
      <TestMethod codeBase="C:/Users/Wesley/Documents/classes/cs480/CompilerTester/bin/Debug/CompilerTester.DLL" adapterTypeName="Microsoft.VisualStudio.TestTools.TestTypes.Unit.UnitTestAdapter, Microsoft.VisualStudio.QualityTools.Tips.UnitTest.Adapter, Version=10.0.0.0, Culture=neutral, PublicKeyToken=b03f5f7f11d50a3a" className="CompilerTester.AutomatonTests.AutomatonTester, CompilerTester, Version=1.0.0.0, Culture=neutral, PublicKeyToken=null" name="ParseValid_RealAutomaton" />
    </UnitTest>
    <UnitTest name="ParseValid_OperatorAutomaton" storage="c:\users\wesley\documents\classes\cs480\compilertester\bin\debug\compilertester.dll" id="abd0cb40-9b35-e5fb-8da0-408c845fbf81">
      <Execution id="b6c5784a-8f0a-4c0e-87a8-100a0e48f49f" />
      <TestMethod codeBase="C:/Users/Wesley/Documents/classes/cs480/CompilerTester/bin/Debug/CompilerTester.DLL" adapterTypeName="Microsoft.VisualStudio.TestTools.TestTypes.Unit.UnitTestAdapter, Microsoft.VisualStudio.QualityTools.Tips.UnitTest.Adapter, Version=10.0.0.0, Culture=neutral, PublicKeyToken=b03f5f7f11d50a3a" className="CompilerTester.AutomatonTests.AutomatonTester, CompilerTester, Version=1.0.0.0, Culture=neutral, PublicKeyToken=null" name="ParseValid_OperatorAutomaton" />
    </UnitTest>
    <UnitTest name="ParseValid_KeywordAutomaton" storage="c:\users\wesley\documents\classes\cs480\compilertester\bin\debug\compilertester.dll" id="a2498060-f04d-39b6-22b1-3ce4df103b6a">
      <Execution id="a4af63a0-d0bd-40d2-87d2-9811e09c9d6b" />
      <TestMethod codeBase="C:/Users/Wesley/Documents/classes/cs480/CompilerTester/bin/Debug/CompilerTester.DLL" adapterTypeName="Microsoft.VisualStudio.TestTools.TestTypes.Unit.UnitTestAdapter, Microsoft.VisualStudio.QualityTools.Tips.UnitTest.Adapter, Version=10.0.0.0, Culture=neutral, PublicKeyToken=b03f5f7f11d50a3a" className="CompilerTester.AutomatonTests.AutomatonTester, CompilerTester, Version=1.0.0.0, Culture=neutral, PublicKeyToken=null" name="ParseValid_KeywordAutomaton" />
    </UnitTest>
    <UnitTest name="ParseValid_IdentifierToken" storage="c:\users\wesley\documents\classes\cs480\compilertester\bin\debug\compilertester.dll" id="a0536bad-ff14-1000-c4b5-c3d69830cdf2">
      <Execution id="ac635444-2758-43a1-8847-e335a3ba23ac" />
      <TestMethod codeBase="C:/Users/Wesley/Documents/classes/cs480/CompilerTester/bin/Debug/CompilerTester.DLL" adapterTypeName="Microsoft.VisualStudio.TestTools.TestTypes.Unit.UnitTestAdapter, Microsoft.VisualStudio.QualityTools.Tips.UnitTest.Adapter, Version=10.0.0.0, Culture=neutral, PublicKeyToken=b03f5f7f11d50a3a" className="CompilerTester.AutomatonTests.AutomatonTester, CompilerTester, Version=1.0.0.0, Culture=neutral, PublicKeyToken=null" name="ParseValid_IdentifierToken" />
    </UnitTest>
    <UnitTest name="ParseValid_BooleanToken" storage="c:\users\wesley\documents\classes\cs480\compilertester\bin\debug\compilertester.dll" id="6c7091ba-5f65-8241-42f6-b5633d2a7bce">
      <Execution id="6693eadf-0ddd-4b7a-a8cf-d3e30baf6cf5" />
      <TestMethod codeBase="C:/Users/Wesley/Documents/classes/cs480/CompilerTester/bin/Debug/CompilerTester.DLL" adapterTypeName="Microsoft.VisualStudio.TestTools.TestTypes.Unit.UnitTestAdapter, Microsoft.VisualStudio.QualityTools.Tips.UnitTest.Adapter, Version=10.0.0.0, Culture=neutral, PublicKeyToken=b03f5f7f11d50a3a" className="CompilerTester.AutomatonTests.AutomatonTester, CompilerTester, Version=1.0.0.0, Culture=neutral, PublicKeyToken=null" name="ParseValid_BooleanToken" />
    </UnitTest>
    <UnitTest name="ParseInvalid_operatorAutomaton" storage="c:\users\wesley\documents\classes\cs480\compilertester\bin\debug\compilertester.dll" id="1d334bdc-306c-094c-b736-a678314af923">
      <Execution id="2b994bd5-df94-4160-94ac-f8209e4b7f65" />
      <TestMethod codeBase="C:/Users/Wesley/Documents/classes/cs480/CompilerTester/bin/Debug/CompilerTester.DLL" adapterTypeName="Microsoft.VisualStudio.TestTools.TestTypes.Unit.UnitTestAdapter, Microsoft.VisualStudio.QualityTools.Tips.UnitTest.Adapter, Version=10.0.0.0, Culture=neutral, PublicKeyToken=b03f5f7f11d50a3a" className="CompilerTester.AutomatonTests.AutomatonTester, CompilerTester, Version=1.0.0.0, Culture=neutral, PublicKeyToken=null" name="ParseInvalid_operatorAutomaton" />
    </UnitTest>
    <UnitTest name="ParseInvalid_BooleanToken" storage="c:\users\wesley\documents\classes\cs480\compilertester\bin\debug\compilertester.dll" id="1a851e37-6f85-b74a-060a-dc83a0845108">
      <Execution id="15b859f0-fb92-48c7-8ae6-dcc105b56439" />
      <TestMethod codeBase="C:/Users/Wesley/Documents/classes/cs480/CompilerTester/bin/Debug/CompilerTester.DLL" adapterTypeName="Microsoft.VisualStudio.TestTools.TestTypes.Unit.UnitTestAdapter, Microsoft.VisualStudio.QualityTools.Tips.UnitTest.Adapter, Version=10.0.0.0, Culture=neutral, PublicKeyToken=b03f5f7f11d50a3a" className="CompilerTester.AutomatonTests.AutomatonTester, CompilerTester, Version=1.0.0.0, Culture=neutral, PublicKeyToken=null" name="ParseInvalid_BooleanToken" />
    </UnitTest>
    <UnitTest name="ParseLetter_RealAutomaton" storage="c:\users\wesley\documents\classes\cs480\compilertester\bin\debug\compilertester.dll" id="cf2bf113-0457-4a92-df97-2e311255c1d5">
      <Execution id="2d37fba2-e7fa-4cdf-9e93-cfac31b19f1d" />
      <TestMethod codeBase="C:/Users/Wesley/Documents/classes/cs480/CompilerTester/bin/Debug/CompilerTester.DLL" adapterTypeName="Microsoft.VisualStudio.TestTools.TestTypes.Unit.UnitTestAdapter, Microsoft.VisualStudio.QualityTools.Tips.UnitTest.Adapter, Version=10.0.0.0, Culture=neutral, PublicKeyToken=b03f5f7f11d50a3a" className="CompilerTester.AutomatonTests.AutomatonTester, CompilerTester, Version=1.0.0.0, Culture=neutral, PublicKeyToken=null" name="ParseLetter_RealAutomaton" />
    </UnitTest>
    <UnitTest name="ParseValid_IntegerToken" storage="c:\users\wesley\documents\classes\cs480\compilertester\bin\debug\compilertester.dll" id="cc84c344-9da1-8e87-934f-8110ac4d7fb2">
      <Execution id="73628e1a-64cd-4267-8867-d3d0801e955b" />
      <TestMethod codeBase="C:/Users/Wesley/Documents/classes/cs480/CompilerTester/bin/Debug/CompilerTester.DLL" adapterTypeName="Microsoft.VisualStudio.TestTools.TestTypes.Unit.UnitTestAdapter, Microsoft.VisualStudio.QualityTools.Tips.UnitTest.Adapter, Version=10.0.0.0, Culture=neutral, PublicKeyToken=b03f5f7f11d50a3a" className="CompilerTester.AutomatonTests.AutomatonTester, CompilerTester, Version=1.0.0.0, Culture=neutral, PublicKeyToken=null" name="ParseValid_IntegerToken" />
    </UnitTest>
    <UnitTest name="ParseInvalid_StringAutomaton" storage="c:\users\wesley\documents\classes\cs480\compilertester\bin\debug\compilertester.dll" id="ef2570ba-617b-5366-19e9-a34607fcc339">
      <Execution id="9ac03b6f-d776-4c6b-8f39-6bf1ba9b09b3" />
      <TestMethod codeBase="C:/Users/Wesley/Documents/classes/cs480/CompilerTester/bin/Debug/CompilerTester.DLL" adapterTypeName="Microsoft.VisualStudio.TestTools.TestTypes.Unit.UnitTestAdapter, Microsoft.VisualStudio.QualityTools.Tips.UnitTest.Adapter, Version=10.0.0.0, Culture=neutral, PublicKeyToken=b03f5f7f11d50a3a" className="CompilerTester.AutomatonTests.AutomatonTester, CompilerTester, Version=1.0.0.0, Culture=neutral, PublicKeyToken=null" name="ParseInvalid_StringAutomaton" />
    </UnitTest>
    <UnitTest name="ParseInvalid_IntegerToken" storage="c:\users\wesley\documents\classes\cs480\compilertester\bin\debug\compilertester.dll" id="eeab2feb-d40a-4f9f-1f5b-b9d58e9aa806">
      <Execution id="c71d0678-85a6-4800-8d9e-0536877ef277" />
      <TestMethod codeBase="C:/Users/Wesley/Documents/classes/cs480/CompilerTester/bin/Debug/CompilerTester.DLL" adapterTypeName="Microsoft.VisualStudio.TestTools.TestTypes.Unit.UnitTestAdapter, Microsoft.VisualStudio.QualityTools.Tips.UnitTest.Adapter, Version=10.0.0.0, Culture=neutral, PublicKeyToken=b03f5f7f11d50a3a" className="CompilerTester.AutomatonTests.AutomatonTester, CompilerTester, Version=1.0.0.0, Culture=neutral, PublicKeyToken=null" name="ParseInvalid_IntegerToken" />
    </UnitTest>
    <UnitTest name="ParseInt_RealAutomaton" storage="c:\users\wesley\documents\classes\cs480\compilertester\bin\debug\compilertester.dll" id="67ee6581-c325-70cf-9b7f-7fa1aad9c7dd">
      <Execution id="885c4d3a-021d-460b-ac93-ac44c306dc3c" />
      <TestMethod codeBase="C:/Users/Wesley/Documents/classes/cs480/CompilerTester/bin/Debug/CompilerTester.DLL" adapterTypeName="Microsoft.VisualStudio.TestTools.TestTypes.Unit.UnitTestAdapter, Microsoft.VisualStudio.QualityTools.Tips.UnitTest.Adapter, Version=10.0.0.0, Culture=neutral, PublicKeyToken=b03f5f7f11d50a3a" className="CompilerTester.AutomatonTests.AutomatonTester, CompilerTester, Version=1.0.0.0, Culture=neutral, PublicKeyToken=null" name="ParseInt_RealAutomaton" />
    </UnitTest>
    <UnitTest name="ParseInvalid_KeywordAutomaton" storage="c:\users\wesley\documents\classes\cs480\compilertester\bin\debug\compilertester.dll" id="ce481693-a915-93b0-ad2c-c73a6aded7c8">
      <Execution id="531bea26-e21c-4d2b-b78f-9b94043285f1" />
      <TestMethod codeBase="C:/Users/Wesley/Documents/classes/cs480/CompilerTester/bin/Debug/CompilerTester.DLL" adapterTypeName="Microsoft.VisualStudio.TestTools.TestTypes.Unit.UnitTestAdapter, Microsoft.VisualStudio.QualityTools.Tips.UnitTest.Adapter, Version=10.0.0.0, Culture=neutral, PublicKeyToken=b03f5f7f11d50a3a" className="CompilerTester.AutomatonTests.AutomatonTester, CompilerTester, Version=1.0.0.0, Culture=neutral, PublicKeyToken=null" name="ParseInvalid_KeywordAutomaton" />
    </UnitTest>
    <UnitTest name="ParseEmptyString_RealAutomaton" storage="c:\users\wesley\documents\classes\cs480\compilertester\bin\debug\compilertester.dll" id="0bd0e4c4-8eba-9c69-df7e-099b70121255">
      <Execution id="f8eb295d-18f8-4604-b3e4-590a9214ca85" />
      <TestMethod codeBase="C:/Users/Wesley/Documents/classes/cs480/CompilerTester/bin/Debug/CompilerTester.DLL" adapterTypeName="Microsoft.VisualStudio.TestTools.TestTypes.Unit.UnitTestAdapter, Microsoft.VisualStudio.QualityTools.Tips.UnitTest.Adapter, Version=10.0.0.0, Culture=neutral, PublicKeyToken=b03f5f7f11d50a3a" className="CompilerTester.AutomatonTests.AutomatonTester, CompilerTester, Version=1.0.0.0, Culture=neutral, PublicKeyToken=null" name="ParseEmptyString_RealAutomaton" />
    </UnitTest>
  </TestDefinitions>
  <TestLists>
    <TestList name="Results Not in a List" id="8c84fa94-04c1-424b-9868-57a2d4851a1d" />
    <TestList name="All Loaded Results" id="19431567-8539-422a-85d7-44ee4e166bda" />
  </TestLists>
  <TestEntries>
    <TestEntry testId="0bd0e4c4-8eba-9c69-df7e-099b70121255" executionId="f8eb295d-18f8-4604-b3e4-590a9214ca85" testListId="8c84fa94-04c1-424b-9868-57a2d4851a1d" />
    <TestEntry testId="1a851e37-6f85-b74a-060a-dc83a0845108" executionId="15b859f0-fb92-48c7-8ae6-dcc105b56439" testListId="8c84fa94-04c1-424b-9868-57a2d4851a1d" />
    <TestEntry testId="1d334bdc-306c-094c-b736-a678314af923" executionId="2b994bd5-df94-4160-94ac-f8209e4b7f65" testListId="8c84fa94-04c1-424b-9868-57a2d4851a1d" />
    <TestEntry testId="4f8f5349-2ef8-2d80-69e7-52426e9dabb2" executionId="f28d1565-69bc-4897-b6c3-0170148889d4" testListId="8c84fa94-04c1-424b-9868-57a2d4851a1d" />
    <TestEntry testId="505ef0d5-4a90-262f-583a-2231ebffde1a" executionId="47569416-627d-4a27-a06e-a46d60910053" testListId="8c84fa94-04c1-424b-9868-57a2d4851a1d" />
    <TestEntry testId="67ee6581-c325-70cf-9b7f-7fa1aad9c7dd" executionId="885c4d3a-021d-460b-ac93-ac44c306dc3c" testListId="8c84fa94-04c1-424b-9868-57a2d4851a1d" />
    <TestEntry testId="6c7091ba-5f65-8241-42f6-b5633d2a7bce" executionId="6693eadf-0ddd-4b7a-a8cf-d3e30baf6cf5" testListId="8c84fa94-04c1-424b-9868-57a2d4851a1d" />
    <TestEntry testId="a0536bad-ff14-1000-c4b5-c3d69830cdf2" executionId="ac635444-2758-43a1-8847-e335a3ba23ac" testListId="8c84fa94-04c1-424b-9868-57a2d4851a1d" />
    <TestEntry testId="a2498060-f04d-39b6-22b1-3ce4df103b6a" executionId="a4af63a0-d0bd-40d2-87d2-9811e09c9d6b" testListId="8c84fa94-04c1-424b-9868-57a2d4851a1d" />
    <TestEntry testId="abd0cb40-9b35-e5fb-8da0-408c845fbf81" executionId="b6c5784a-8f0a-4c0e-87a8-100a0e48f49f" testListId="8c84fa94-04c1-424b-9868-57a2d4851a1d" />
    <TestEntry testId="cc84c344-9da1-8e87-934f-8110ac4d7fb2" executionId="73628e1a-64cd-4267-8867-d3d0801e955b" testListId="8c84fa94-04c1-424b-9868-57a2d4851a1d" />
    <TestEntry testId="ccb8a1cd-fae0-3d3e-35c4-f02eb4adc8df" executionId="f381d2cf-bcd8-48f6-9eb2-a31354f1277e" testListId="8c84fa94-04c1-424b-9868-57a2d4851a1d" />
    <TestEntry testId="ce481693-a915-93b0-ad2c-c73a6aded7c8" executionId="531bea26-e21c-4d2b-b78f-9b94043285f1" testListId="8c84fa94-04c1-424b-9868-57a2d4851a1d" />
    <TestEntry testId="cf2bf113-0457-4a92-df97-2e311255c1d5" executionId="2d37fba2-e7fa-4cdf-9e93-cfac31b19f1d" testListId="8c84fa94-04c1-424b-9868-57a2d4851a1d" />
    <TestEntry testId="eeab2feb-d40a-4f9f-1f5b-b9d58e9aa806" executionId="c71d0678-85a6-4800-8d9e-0536877ef277" testListId="8c84fa94-04c1-424b-9868-57a2d4851a1d" />
    <TestEntry testId="ef2570ba-617b-5366-19e9-a34607fcc339" executionId="9ac03b6f-d776-4c6b-8f39-6bf1ba9b09b3" testListId="8c84fa94-04c1-424b-9868-57a2d4851a1d" />
  </TestEntries>
  <Results>
    <UnitTestResult executionId="f8eb295d-18f8-4604-b3e4-590a9214ca85" testId="0bd0e4c4-8eba-9c69-df7e-099b70121255" testName="ParseEmptyString_RealAutomaton" computerName="WESLEY-PC" duration="00:00:00.0200293" startTime="2012-02-03T12:32:36.7806371-08:00" endTime="2012-02-03T12:32:37.1366574-08:00" testType="13cdc9d9-ddb5-4fa4-a97d-d965ccfc6d4b" outcome="Passed" testListId="8c84fa94-04c1-424b-9868-57a2d4851a1d" relativeResultsDirectory="f8eb295d-18f8-4604-b3e4-590a9214ca85">
    </UnitTestResult>
    <UnitTestResult executionId="15b859f0-fb92-48c7-8ae6-dcc105b56439" testId="1a851e37-6f85-b74a-060a-dc83a0845108" testName="ParseInvalid_BooleanToken" computerName="WESLEY-PC" duration="00:00:00.0005004" startTime="2012-02-03T12:32:37.1386575-08:00" endTime="2012-02-03T12:32:37.1436578-08:00" testType="13cdc9d9-ddb5-4fa4-a97d-d965ccfc6d4b" outcome="Passed" testListId="8c84fa94-04c1-424b-9868-57a2d4851a1d" relativeResultsDirectory="15b859f0-fb92-48c7-8ae6-dcc105b56439">
    </UnitTestResult>
    <UnitTestResult executionId="2b994bd5-df94-4160-94ac-f8209e4b7f65" testId="1d334bdc-306c-094c-b736-a678314af923" testName="ParseInvalid_operatorAutomaton" computerName="WESLEY-PC" duration="00:00:00.0014794" startTime="2012-02-03T12:32:37.1456579-08:00" endTime="2012-02-03T12:32:37.1526583-08:00" testType="13cdc9d9-ddb5-4fa4-a97d-d965ccfc6d4b" outcome="Passed" testListId="8c84fa94-04c1-424b-9868-57a2d4851a1d" relativeResultsDirectory="2b994bd5-df94-4160-94ac-f8209e4b7f65">
    </UnitTestResult>
    <UnitTestResult executionId="f28d1565-69bc-4897-b6c3-0170148889d4" testId="4f8f5349-2ef8-2d80-69e7-52426e9dabb2" testName="ParseValid_RealAutomaton" computerName="WESLEY-PC" duration="00:00:00.0006402" startTime="2012-02-03T12:32:37.1546585-08:00" endTime="2012-02-03T12:32:37.1616589-08:00" testType="13cdc9d9-ddb5-4fa4-a97d-d965ccfc6d4b" outcome="Passed" testListId="8c84fa94-04c1-424b-9868-57a2d4851a1d" relativeResultsDirectory="f28d1565-69bc-4897-b6c3-0170148889d4">
    </UnitTestResult>
    <UnitTestResult executionId="47569416-627d-4a27-a06e-a46d60910053" testId="505ef0d5-4a90-262f-583a-2231ebffde1a" testName="ParseInvalid_IdentifierToken" computerName="WESLEY-PC" duration="00:00:00.0018483" startTime="2012-02-03T12:32:37.1646590-08:00" endTime="2012-02-03T12:32:37.1716594-08:00" testType="13cdc9d9-ddb5-4fa4-a97d-d965ccfc6d4b" outcome="Passed" testListId="8c84fa94-04c1-424b-9868-57a2d4851a1d" relativeResultsDirectory="47569416-627d-4a27-a06e-a46d60910053">
    </UnitTestResult>
    <UnitTestResult executionId="885c4d3a-021d-460b-ac93-ac44c306dc3c" testId="67ee6581-c325-70cf-9b7f-7fa1aad9c7dd" testName="ParseInt_RealAutomaton" computerName="WESLEY-PC" duration="00:00:00.0002514" startTime="2012-02-03T12:32:37.1736595-08:00" endTime="2012-02-03T12:32:37.1796599-08:00" testType="13cdc9d9-ddb5-4fa4-a97d-d965ccfc6d4b" outcome="Passed" testListId="8c84fa94-04c1-424b-9868-57a2d4851a1d" relativeResultsDirectory="885c4d3a-021d-460b-ac93-ac44c306dc3c">
    </UnitTestResult>
    <UnitTestResult executionId="6693eadf-0ddd-4b7a-a8cf-d3e30baf6cf5" testId="6c7091ba-5f65-8241-42f6-b5633d2a7bce" testName="ParseValid_BooleanToken" computerName="WESLEY-PC" duration="00:00:00.0002284" startTime="2012-02-03T12:32:37.1816600-08:00" endTime="2012-02-03T12:32:37.1866603-08:00" testType="13cdc9d9-ddb5-4fa4-a97d-d965ccfc6d4b" outcome="Passed" testListId="8c84fa94-04c1-424b-9868-57a2d4851a1d" relativeResultsDirectory="6693eadf-0ddd-4b7a-a8cf-d3e30baf6cf5">
    </UnitTestResult>
    <UnitTestResult executionId="ac635444-2758-43a1-8847-e335a3ba23ac" testId="a0536bad-ff14-1000-c4b5-c3d69830cdf2" testName="ParseValid_IdentifierToken" computerName="WESLEY-PC" duration="00:00:00.0002534" startTime="2012-02-03T12:32:37.1886604-08:00" endTime="2012-02-03T12:32:37.1936607-08:00" testType="13cdc9d9-ddb5-4fa4-a97d-d965ccfc6d4b" outcome="Passed" testListId="8c84fa94-04c1-424b-9868-57a2d4851a1d" relativeResultsDirectory="ac635444-2758-43a1-8847-e335a3ba23ac">
    </UnitTestResult>
    <UnitTestResult executionId="a4af63a0-d0bd-40d2-87d2-9811e09c9d6b" testId="a2498060-f04d-39b6-22b1-3ce4df103b6a" testName="ParseValid_KeywordAutomaton" computerName="WESLEY-PC" duration="00:00:00.0012876" startTime="2012-02-03T12:32:37.1956608-08:00" endTime="2012-02-03T12:32:37.2016611-08:00" testType="13cdc9d9-ddb5-4fa4-a97d-d965ccfc6d4b" outcome="Passed" testListId="8c84fa94-04c1-424b-9868-57a2d4851a1d" relativeResultsDirectory="a4af63a0-d0bd-40d2-87d2-9811e09c9d6b">
    </UnitTestResult>
    <UnitTestResult executionId="b6c5784a-8f0a-4c0e-87a8-100a0e48f49f" testId="abd0cb40-9b35-e5fb-8da0-408c845fbf81" testName="ParseValid_OperatorAutomaton" computerName="WESLEY-PC" duration="00:00:00.0006736" startTime="2012-02-03T12:32:37.2036613-08:00" endTime="2012-02-03T12:32:37.2096616-08:00" testType="13cdc9d9-ddb5-4fa4-a97d-d965ccfc6d4b" outcome="Passed" testListId="8c84fa94-04c1-424b-9868-57a2d4851a1d" relativeResultsDirectory="b6c5784a-8f0a-4c0e-87a8-100a0e48f49f">
    </UnitTestResult>
    <UnitTestResult executionId="73628e1a-64cd-4267-8867-d3d0801e955b" testId="cc84c344-9da1-8e87-934f-8110ac4d7fb2" testName="ParseValid_IntegerToken" computerName="WESLEY-PC" duration="00:00:00.0003849" startTime="2012-02-03T12:32:37.2116617-08:00" endTime="2012-02-03T12:32:37.2166620-08:00" testType="13cdc9d9-ddb5-4fa4-a97d-d965ccfc6d4b" outcome="Passed" testListId="8c84fa94-04c1-424b-9868-57a2d4851a1d" relativeResultsDirectory="73628e1a-64cd-4267-8867-d3d0801e955b">
    </UnitTestResult>
    <UnitTestResult executionId="f381d2cf-bcd8-48f6-9eb2-a31354f1277e" testId="ccb8a1cd-fae0-3d3e-35c4-f02eb4adc8df" testName="ParseValid_StringAutomaton" computerName="WESLEY-PC" duration="00:00:00.0008751" startTime="2012-02-03T12:32:37.2186621-08:00" endTime="2012-02-03T12:32:37.2256625-08:00" testType="13cdc9d9-ddb5-4fa4-a97d-d965ccfc6d4b" outcome="Passed" testListId="8c84fa94-04c1-424b-9868-57a2d4851a1d" relativeResultsDirectory="f381d2cf-bcd8-48f6-9eb2-a31354f1277e">
    </UnitTestResult>
    <UnitTestResult executionId="531bea26-e21c-4d2b-b78f-9b94043285f1" testId="ce481693-a915-93b0-ad2c-c73a6aded7c8" testName="ParseInvalid_KeywordAutomaton" computerName="WESLEY-PC" duration="00:00:00.0002380" startTime="2012-02-03T12:32:37.2276626-08:00" endTime="2012-02-03T12:32:37.2326629-08:00" testType="13cdc9d9-ddb5-4fa4-a97d-d965ccfc6d4b" outcome="Passed" testListId="8c84fa94-04c1-424b-9868-57a2d4851a1d" relativeResultsDirectory="531bea26-e21c-4d2b-b78f-9b94043285f1">
    </UnitTestResult>
    <UnitTestResult executionId="2d37fba2-e7fa-4cdf-9e93-cfac31b19f1d" testId="cf2bf113-0457-4a92-df97-2e311255c1d5" testName="ParseLetter_RealAutomaton" computerName="WESLEY-PC" duration="00:00:00.0002207" startTime="2012-02-03T12:32:37.2346630-08:00" endTime="2012-02-03T12:32:37.2386633-08:00" testType="13cdc9d9-ddb5-4fa4-a97d-d965ccfc6d4b" outcome="Passed" testListId="8c84fa94-04c1-424b-9868-57a2d4851a1d" relativeResultsDirectory="2d37fba2-e7fa-4cdf-9e93-cfac31b19f1d">
    </UnitTestResult>
    <UnitTestResult executionId="c71d0678-85a6-4800-8d9e-0536877ef277" testId="eeab2feb-d40a-4f9f-1f5b-b9d58e9aa806" testName="ParseInvalid_IntegerToken" computerName="WESLEY-PC" duration="00:00:00.0002213" startTime="2012-02-03T12:32:37.2406634-08:00" endTime="2012-02-03T12:32:37.2456637-08:00" testType="13cdc9d9-ddb5-4fa4-a97d-d965ccfc6d4b" outcome="Passed" testListId="8c84fa94-04c1-424b-9868-57a2d4851a1d" relativeResultsDirectory="c71d0678-85a6-4800-8d9e-0536877ef277">
    </UnitTestResult>
    <UnitTestResult executionId="9ac03b6f-d776-4c6b-8f39-6bf1ba9b09b3" testId="ef2570ba-617b-5366-19e9-a34607fcc339" testName="ParseInvalid_StringAutomaton" computerName="WESLEY-PC" duration="00:00:00.0002245" startTime="2012-02-03T12:32:37.2476638-08:00" endTime="2012-02-03T12:32:37.2536641-08:00" testType="13cdc9d9-ddb5-4fa4-a97d-d965ccfc6d4b" outcome="Passed" testListId="8c84fa94-04c1-424b-9868-57a2d4851a1d" relativeResultsDirectory="9ac03b6f-d776-4c6b-8f39-6bf1ba9b09b3">
    </UnitTestResult>
  </Results>
</TestRun>